src/hooks/useSalesWizard.ts(76,76): error TS2339: Property 'cityName' does not exist on type 'Party'.
src/pages/modules/SalesWizard/SaleWizard.tsx(221,51): error TS2532: Object is possibly 'undefined'.
src/pages/modules/SalesWizard/SaleWizardPage.tsx(17,5): error TS2719: Type 'import("/home/yusuf/ermany/ermaycrmerp/frontend/node_modules/react-hook-form/dist/types/resolvers").Resolver<{ customerId: number; staffId: number; paymentAccountId: number | null; phone: string; cityId: number; district: string; date: string; deliveryDate: string; deposit: number; discountAmount: number; ... 7 more...' is not assignable to type 'import("/home/yusuf/ermany/ermaycrmerp/frontend/node_modules/react-hook-form/dist/types/resolvers").Resolver<{ customerId: number; staffId: number; paymentAccountId: number | null; phone: string; cityId: number; district: string; date: string; deliveryDate: string; deposit: number; discountAmount: number; ... 7 more...'. Two different types with this name exist, but they are unrelated.
  Types of parameters 'options' and 'options' are incompatible.
    Type 'import("/home/yusuf/ermany/ermaycrmerp/frontend/node_modules/react-hook-form/dist/types/resolvers").ResolverOptions<{ customerId: number; staffId: number; paymentAccountId: number | null; phone: string; cityId: number; district: string; date: string; deliveryDate: string; deposit: number; discountAmount: number; ......' is not assignable to type 'import("/home/yusuf/ermany/ermaycrmerp/frontend/node_modules/react-hook-form/dist/types/resolvers").ResolverOptions<{ customerId: number; staffId: number; paymentAccountId: number | null; phone: string; cityId: number; district: string; date: string; deliveryDate: string; deposit: number; discountAmount: number; ......'. Two different types with this name exist, but they are unrelated.
      Type 'boolean | undefined' is not assignable to type 'boolean'.
        Type 'undefined' is not assignable to type 'boolean'.
src/pages/modules/SalesWizard/SaleWizardPage.tsx(18,5): error TS2322: Type 'DraftSaleData' is not assignable to type '{ customerId?: number | undefined; staffId?: number | undefined; paymentAccountId?: number | null | undefined; phone?: string | undefined; cityId?: number | undefined; district?: string | undefined; ... 11 more ...; description?: string | undefined; } | AsyncDefaultValues<...> | undefined'.
  Type 'DraftSaleData' is not assignable to type '{ customerId?: number | undefined; staffId?: number | undefined; paymentAccountId?: number | null | undefined; phone?: string | undefined; cityId?: number | undefined; district?: string | undefined; ... 11 more ...; description?: string | undefined; }'.
    Types of property 'staffId' are incompatible.
      Type 'number | null' is not assignable to type 'number | undefined'.
        Type 'null' is not assignable to type 'number | undefined'.
src/pages/modules/SalesWizard/components/ProductPhase.tsx(30,49): error TS2367: This comparison appears to be unintentional because the types 'string' and 'number' have no overlap.
